nohup: ignoring input
RustyClean full rerun
  repo      : /lustre1/g/aos_shihuang/rustyclean-paper
  databases : /lustre1/g/aos_shihuang/databases
  data      : /lustre1/g/aos_shihuang/rustyclean-paper/scratch/data/enhanced
  results   : /lustre1/g/aos_shihuang/rustyclean-paper/scratch/results

Stage 1 — references and indexes
  [stage 1] Kraken2 human-only index — SKIPPED (--from 4)
  [stage 1] Bowtie2 T2T-only index — SKIPPED (--from 4)
  [stage 1] minimap2 / sylph / centrifuge — SKIPPED (--from 4)

Stage 2 — simulated datasets
  [stage 2] generate 18 simulated datasets (ISS, job array) — SKIPPED (--from 4)

Stage 3 — main comparisons
  [stage 3] RustyClean auto vs KneadData — SKIPPED (--from 4)
  [stage 3] RustyClean --skip-qc vs Hostile — SKIPPED (--from 4)
  [stage 3] backend comparison — SKIPPED (--from 4)

Stage 4 — verification pass and index ablation
  [stage 4] Kraken2 baseline (no recheck) -> job 3989370
  [stage 4] Kraken2 + Bowtie2 recheck -> job 3989371
  [stage 4] index ablation (human-only) -> job 3989372
  [stage 4] mixed library, no recheck -> job 3989373

Stage 5 — previously unmeasured
  [stage 5] auto decision boundary -> job 3989374
  [stage 5] paired-end panel -> job 3989375

Stage 6 — accuracy
  [stage 6] accuracy, all tools -> job 3989376 (after 3989370:3989371:3989372)
  [stage 6] accuracy, recheck arms -> job 3989377 (after 3989370:3989371:3989372)
  [stage 6] accuracy, index ablation -> job 3989378 (after 3989370:3989371:3989372)
  [stage 6] accuracy, no-recheck baseline -> job 3989379 (after 3989370:3989371:3989372)
  [stage 6] accuracy, mixed no-recheck -> job 3989380 (after 3989370:3989371:3989372)
  [stage 6] runtime and memory summary -> job 3989381 (after 3989370:3989371:3989372:3989373:3989374:3989375)

Submitted. Watch with: squeue -u $USER

Runtime and peak memory land in /lustre1/g/aos_shihuang/rustyclean-paper/runs/summary/resources.csv once the
last job finishes. To see partial results at any time, run:
    python3 /lustre1/g/aos_shihuang/rustyclean-paper/scripts/main/collect_resources.py
