<frozen importlib._bootstrap>:491: RuntimeWarning: The global interpreter lock (GIL) has been enabled to load module 'Bio.Align._aligncore', which has not declared that it can run safely without the GIL. To override this behavior and keep the GIL disabled (at your own risk), run with PYTHON_GIL=0 or -Xgil=0.
INFO:iss.app:Starting iss generate
INFO:iss.generator:Using kde ErrorModel
INFO:iss.generator:Setting random seed to 56
INFO:iss.util:Stitching input files together
INFO:iss.generator:Using abundance file:/tmp/rustyclean_2324223/generate_100M_90pct_high_lognormal_SE/abundance.txt
INFO:iss.app:Using 16 cpus for read generation
INFO:iss.app:Generating 19999998 reads
<frozen importlib._bootstrap>:491: RuntimeWarning: The global interpreter lock (GIL) has been enabled to load module 'Bio.Align._aligncore', which has not declared that it can run safely without the GIL. To override this behavior and keep the GIL disabled (at your own risk), run with PYTHON_GIL=0 or -Xgil=0.
NZ_BACX01000878.1 shorter than read length for this ErrorModel
Skipping NZ_BACX01000878.1. You will have less reads than specified
NZ_BACX01000877.1 shorter than read length for this ErrorModel
Skipping NZ_BACX01000877.1. You will have less reads than specified
NZ_BACX01000832.1 shorter than read length for this ErrorModel
Skipping NZ_BACX01000832.1. You will have less reads than specified
NZ_BACX01000807.1 shorter than read length for this ErrorModel
Skipping NZ_BACX01000807.1. You will have less reads than specified
NZ_BACX01000790.1 shorter than read length for this ErrorModel
Skipping NZ_BACX01000790.1. You will have less reads than specified
NZ_BACX01000783.1 shorter than read length for this ErrorModel
Skipping NZ_BACX01000783.1. You will have less reads than specified
NZ_BACX01000748.1 shorter than read length for this ErrorModel
Skipping NZ_BACX01000748.1. You will have less reads than specified
NZ_BACX01000697.1 shorter than read length for this ErrorModel
Skipping NZ_BACX01000697.1. You will have less reads than specified
NZ_BACX01000638.1 shorter than read length for this ErrorModel
Skipping NZ_BACX01000638.1. You will have less reads than specified
NZ_BACX01000634.1 shorter than read length for this ErrorModel
Skipping NZ_BACX01000634.1. You will have less reads than specified
NZ_BACX01000593.1 shorter than read length for this ErrorModel
Skipping NZ_BACX01000593.1. You will have less reads than specified
NZ_BACX01000586.1 shorter than read length for this ErrorModel
Skipping NZ_BACX01000586.1. You will have less reads than specified
NZ_BACX01000571.1 shorter than read length for this ErrorModel
Skipping NZ_BACX01000571.1. You will have less reads than specified
NZ_BACX01000487.1 shorter than read length for this ErrorModel
Skipping NZ_BACX01000487.1. You will have less reads than specified
NZ_BACX01000380.1 shorter than read length for this ErrorModel
Skipping NZ_BACX01000380.1. You will have less reads than specified
NZ_BACX01000319.1 shorter than read length for this ErrorModel
Skipping NZ_BACX01000319.1. You will have less reads than specified
NZ_BACX01000312.1 shorter than read length for this ErrorModel
Skipping NZ_BACX01000312.1. You will have less reads than specified
INFO:iss.util:Stitching input files together
INFO:iss.util:Stitching input files together
INFO:iss.util:Cleaning up
INFO:iss.app:Read generation complete
<frozen importlib._bootstrap>:491: RuntimeWarning: The global interpreter lock (GIL) has been enabled to load module 'Bio.Align._aligncore', which has not declared that it can run safely without the GIL. To override this behavior and keep the GIL disabled (at your own risk), run with PYTHON_GIL=0 or -Xgil=0.
INFO:iss.app:Starting iss generate
INFO:iss.generator:Using kde ErrorModel
INFO:iss.generator:Setting random seed to 56
INFO:iss.util:Stitching input files together
INFO:iss.generator:Using lognormal abundance distribution
INFO:iss.app:Using 16 cpus for read generation
INFO:iss.app:Generating 180000000 reads
<frozen importlib._bootstrap>:491: RuntimeWarning: The global interpreter lock (GIL) has been enabled to load module 'Bio.Align._aligncore', which has not declared that it can run safely without the GIL. To override this behavior and keep the GIL disabled (at your own risk), run with PYTHON_GIL=0 or -Xgil=0.
INFO:iss.util:Stitching input files together
INFO:iss.util:Stitching input files together
INFO:iss.util:Cleaning up
INFO:iss.app:Read generation complete
