<frozen importlib._bootstrap>:491: RuntimeWarning: The global interpreter lock (GIL) has been enabled to load module 'Bio.Align._aligncore', which has not declared that it can run safely without the GIL. To override this behavior and keep the GIL disabled (at your own risk), run with PYTHON_GIL=0 or -Xgil=0.
INFO:iss.app:Starting iss generate
INFO:iss.generator:Using kde ErrorModel
INFO:iss.generator:Setting random seed to 43
INFO:iss.util:Stitching input files together
INFO:iss.generator:Using abundance file:/tmp/rustyclean_3980273/generate_5M_1pct_low_even_SE/abundance.txt
INFO:iss.app:Using 16 cpus for read generation
INFO:iss.app:Generating 9900000 reads
<frozen importlib._bootstrap>:491: RuntimeWarning: The global interpreter lock (GIL) has been enabled to load module 'Bio.Align._aligncore', which has not declared that it can run safely without the GIL. To override this behavior and keep the GIL disabled (at your own risk), run with PYTHON_GIL=0 or -Xgil=0.
INFO:iss.util:Stitching input files together
INFO:iss.util:Stitching input files together
INFO:iss.util:Cleaning up
INFO:iss.app:Read generation complete
<frozen importlib._bootstrap>:491: RuntimeWarning: The global interpreter lock (GIL) has been enabled to load module 'Bio.Align._aligncore', which has not declared that it can run safely without the GIL. To override this behavior and keep the GIL disabled (at your own risk), run with PYTHON_GIL=0 or -Xgil=0.
INFO:iss.app:Starting iss generate
INFO:iss.generator:Using kde ErrorModel
INFO:iss.generator:Setting random seed to 43
INFO:iss.util:Stitching input files together
INFO:iss.generator:Using lognormal abundance distribution
INFO:iss.app:Using 16 cpus for read generation
INFO:iss.app:Generating 100000 reads
<frozen importlib._bootstrap>:491: RuntimeWarning: The global interpreter lock (GIL) has been enabled to load module 'Bio.Align._aligncore', which has not declared that it can run safely without the GIL. To override this behavior and keep the GIL disabled (at your own risk), run with PYTHON_GIL=0 or -Xgil=0.
INFO:iss.util:Stitching input files together
INFO:iss.util:Stitching input files together
INFO:iss.util:Cleaning up
INFO:iss.app:Read generation complete
